// Jest Snapshot v1, https://goo.gl/fbAQLP

exports[`Photos matches snapshot 1`] = `
<ul
  className="photos"
>
  <li>
    <img
      alt="Restaurant"
      src="https://s3-media2.fl.yelpcdn.com/bphoto/zmRMxckIj4rhutGrSRcvYA/o.jpg"
    />
  </li>
  <li>
    <img
      alt="Restaurant"
      src="https://s3-media1.fl.yelpcdn.com/bphoto/T5WhG8Q7cjXNeOu8OteB1Q/o.jpg"
    />
  </li>
  <li>
    <img
      alt="Restaurant"
      src="https://s3-media1.fl.yelpcdn.com/bphoto/vqOmlb109NiG1x54E4UAWg/o.jpg"
    />
  </li>
</ul>
`;
