// Jest Snapshot v1, https://goo.gl/fbAQLP

exports[`RestaurantDetails matches snapshot 1`] = `
<div
  className="restaurants-details"
>
  <div
    className="restaurants-details__main"
  >
    <h1>
      Bagels & Friends
    </h1>
    <StarRating
      rating={4.5}
    />
    <div
      className="restaurants-details-item__details"
    >
      <div>
        Breakfast & Brunch
         • 
        $$
      </div>
      <Status
        open={true}
      />
    </div>
    <div
      className="restaurant-details__photos"
    >
      <Photos
        photos={
          Array [
            Object {
              "src": "https://maps.googleapis.com/maps/api/staticmap?center=52.399683350097,16.8932677517625&markers=52.399683350097,16.8932677517625&zoom=15&size=400x288&maptype=roadmap&key=AIzaSyCDc4LkExUhXGwButHuEENHOTE3iAJ8k2E",
              "url": "https://www.google.com/maps/search/Bagels & Friends,52.399683350097,16.8932677517625",
            },
            Object {
              "src": "https://s3-media2.fl.yelpcdn.com/bphoto/zmRMxckIj4rhutGrSRcvYA/o.jpg",
            },
            Object {
              "src": "https://s3-media1.fl.yelpcdn.com/bphoto/T5WhG8Q7cjXNeOu8OteB1Q/o.jpg",
            },
            Object {
              "src": "https://s3-media1.fl.yelpcdn.com/bphoto/vqOmlb109NiG1x54E4UAWg/o.jpg",
            },
          ]
        }
      />
    </div>
    <div
      className="restaurants-details__address"
    >
      ul. Wyspiańskiego 26, 60-751 Poznań, Poland
    </div>
  </div>
  <inject-ReviewsList />
</div>
`;
