// Jest Snapshot v1, https://goo.gl/fbAQLP

exports[`StarRating matches snapshot 1`] = `
<div
  className="star-rating"
>
  <svg
    className="star"
    viewBox="0 0 180 32"
  >
    <use
      className=""
      x={0}
      xlinkHref="#icon-star"
      y="0"
    />
    <use
      className=""
      x={36}
      xlinkHref="#icon-star"
      y="0"
    />
    <use
      className=""
      x={72}
      xlinkHref="#icon-star"
      y="0"
    />
    <use
      className=""
      x={108}
      xlinkHref="#icon-star"
      y="0"
    />
    <use
      className="star--half"
      x={144}
      xlinkHref="#icon-star"
      y="0"
    />
  </svg>
</div>
`;
