// Jest Snapshot v1, https://goo.gl/fbAQLP

exports[`ReviewItem matches snapshot 1`] = `
<div
  className="review-item"
>
  <div
    className="review-item__author"
  >
    <img
      alt="Elisa S."
      className="review-item__author-image"
      src="https://s3-media2.fl.yelpcdn.com/photo/u5WL1l-m8edhFJKvxnHvjQ/o.jpg"
    />
    <div>
      <h3>
        Elisa S.
      </h3>
      <p
        className="review-item__date"
      >
        6/5/2017
      </p>
    </div>
  </div>
  <div
    className="review-item__content"
  >
    <StarRating
      rating={5}
    />
    <p>
      It was super delicious  with a wide range of vegan options. Thank you so much bagels & friends for having us
    </p>
  </div>
</div>
`;
